// Jest Snapshot v1, https://goo.gl/fbAQLP

exports[`Render Cataog 1`] = `
<DocumentFragment>
  <section
    class="catalog"
  >
    <div
      class="container"
    >
      <h1
        class="title title--h2"
      >
        Каталог фото- и видеотехники
      </h1>
      <div
        class="page-content__columns"
      >
        <div
          class="catalog__aside"
        >
          <div
            class="catalog-filter"
          >
            <form
              action="#"
            >
              <h2
                class="visually-hidden"
              >
                Фильтр
              </h2>
              <fieldset
                class="catalog-filter__block"
              >
                <legend
                  class="title title--h5"
                >
                  Цена, ₽
                </legend>
                <div
                  class="catalog-filter__price-range"
                >
                  <div
                    class="custom-input"
                  >
                    <label>
                      <input
                        data-testid="minPrice-test"
                        id="minPrice"
                        name="price"
                        placeholder="от"
                        type="number"
                        value=""
                      />
                    </label>
                  </div>
                  <div
                    class="custom-input"
                  >
                    <label>
                      <input
                        data-testid="maxPrice-test"
                        id="maxPrice"
                        name="priceUp"
                        placeholder="до"
                        type="number"
                        value=""
                      />
                    </label>
                  </div>
                </div>
              </fieldset>
              <fieldset
                class="catalog-filter__block"
              >
                <legend
                  class="title title--h5"
                >
                  Категория
                </legend>
                <div
                  class="custom-checkbox catalog-filter__item"
                >
                  <label>
                    <input
                      data-testid="photocamera-test"
                      name="photocamera"
                      type="checkbox"
                    />
                    <span
                      class="custom-checkbox__icon"
                    />
                    <span
                      class="custom-checkbox__label"
                    >
                      Фотокамера
                    </span>
                  </label>
                </div>
                <div
                  class="custom-checkbox catalog-filter__item"
                >
                  <label>
                    <input
                      data-testid="videocamera-test"
                      name="videocamera"
                      type="checkbox"
                    />
                    <span
                      class="custom-checkbox__icon"
                    />
                    <span
                      class="custom-checkbox__label"
                    >
                      Видеокамера
                    </span>
                  </label>
                </div>
              </fieldset>
              <fieldset
                class="catalog-filter__block"
              >
                <legend
                  class="title title--h5"
                >
                  Тип камеры
                </legend>
                <div
                  class="custom-checkbox catalog-filter__item"
                >
                  <label>
                    <input
                      data-testid="digital-test"
                      name="digital"
                      type="checkbox"
                    />
                    <span
                      class="custom-checkbox__icon"
                    />
                    <span
                      class="custom-checkbox__label"
                    >
                      Цифровая
                    </span>
                  </label>
                </div>
                <div
                  class="custom-checkbox catalog-filter__item"
                >
                  <label>
                    <input
                      data-testid="film-test"
                      name="film"
                      type="checkbox"
                    />
                    <span
                      class="custom-checkbox__icon"
                    />
                    <span
                      class="custom-checkbox__label"
                    >
                      Плёночная
                    </span>
                  </label>
                </div>
                <div
                  class="custom-checkbox catalog-filter__item"
                >
                  <label>
                    <input
                      data-testid="snapshot-test"
                      name="snapshot"
                      type="checkbox"
                    />
                    <span
                      class="custom-checkbox__icon"
                    />
                    <span
                      class="custom-checkbox__label"
                    >
                      Моментальная
                    </span>
                  </label>
                </div>
                <div
                  class="custom-checkbox catalog-filter__item"
                >
                  <label>
                    <input
                      data-testid="collection-test"
                      name="collection"
                      type="checkbox"
                    />
                    <span
                      class="custom-checkbox__icon"
                    />
                    <span
                      class="custom-checkbox__label"
                    >
                      Коллекционная
                    </span>
                  </label>
                </div>
              </fieldset>
              <fieldset
                class="catalog-filter__block"
              >
                <legend
                  class="title title--h5"
                >
                  Уровень
                </legend>
                <div
                  class="custom-checkbox catalog-filter__item"
                >
                  <label>
                    <input
                      data-testid="level-zero-test"
                      name="zero"
                      type="checkbox"
                    />
                    <span
                      class="custom-checkbox__icon"
                    />
                    <span
                      class="custom-checkbox__label"
                    >
                      Нулевой
                    </span>
                  </label>
                </div>
                <div
                  class="custom-checkbox catalog-filter__item"
                >
                  <label>
                    <input
                      data-testid="level-amateur-test"
                      name="non-professional"
                      type="checkbox"
                    />
                    <span
                      class="custom-checkbox__icon"
                    />
                    <span
                      class="custom-checkbox__label"
                    >
                      Любительский
                    </span>
                  </label>
                </div>
                <div
                  class="custom-checkbox catalog-filter__item"
                >
                  <label>
                    <input
                      data-testid="level-pro-test"
                      name="professional"
                      type="checkbox"
                    />
                    <span
                      class="custom-checkbox__icon"
                    />
                    <span
                      class="custom-checkbox__label"
                    >
                      Профессиональный
                    </span>
                  </label>
                </div>
              </fieldset>
              <button
                class="btn catalog-filter__reset-btn"
                data-testid="reset-button-test"
                type="reset"
              >
                Сбросить фильтры
              </button>
            </form>
          </div>
        </div>
        <div
          class="catalog__content"
        >
          <div
            class="catalog-sort"
          >
            <form
              action="#"
            >
              <div
                class="catalog-sort__inner"
              >
                <p
                  class="title title--h5"
                >
                  Сортировать:
                </p>
                <div
                  class="catalog-sort__type"
                >
                  <div
                    class="catalog-sort__btn-text"
                  >
                    <input
                      data-testid="sort-test"
                      id="sortPrice"
                      name="sort"
                      type="radio"
                      value="price"
                    />
                    <label
                      for="sortPrice"
                    >
                      по цене
                    </label>
                  </div>
                  <div
                    class="catalog-sort__btn-text"
                  >
                    <input
                      data-testid="sort-test"
                      id="sortPopular"
                      name="sort"
                      type="radio"
                      value="rating"
                    />
                    <label
                      for="sortPopular"
                    >
                      по популярности
                    </label>
                  </div>
                </div>
                <div
                  class="catalog-sort__order"
                >
                  <div
                    class="catalog-sort__btn catalog-sort__btn--up"
                  >
                    <input
                      aria-label="По возрастанию"
                      data-testid="sort-test"
                      id="up"
                      name="icon-order"
                      type="radio"
                      value="asc"
                    />
                    <label
                      for="up"
                    >
                      <svg
                        aria-hidden="true"
                        height="14"
                        width="16"
                      >
                        <use
                          xlink:href="#icon-sort"
                        />
                      </svg>
                    </label>
                  </div>
                  <div
                    class="catalog-sort__btn catalog-sort__btn--down"
                  >
                    <input
                      aria-label="По убыванию"
                      data-testid="sort-test"
                      id="down"
                      name="icon-order"
                      type="radio"
                      value="desc"
                    />
                    <label
                      for="down"
                    >
                      <svg
                        aria-hidden="true"
                        height="14"
                        width="16"
                      >
                        <use
                          xlink:href="#icon-sort"
                        />
                      </svg>
                    </label>
                  </div>
                </div>
              </div>
            </form>
          </div>
          <div
            class="page-content"
            data-testid="preloader-test"
          >
            <div
              class="container"
              style="padding: 10px; width: 100%;"
            >
              <span
                style="display: inherit; position: relative; width: 100%; height: 20px; overflow: hidden; background-color: rgba(117, 117, 226, 0.2); background-clip: padding-box;"
              >
                <span
                  style="position: absolute; height: 20px; overflow: hidden; background-color: rgb(117, 117, 226); background-clip: padding-box; display: block; border-radius: 2px; will-change: left, right; animation-fill-mode: forwards; animation: react-spinners-BarLoader-long 2.1s  cubic-bezier(0.65, 0.815, 0.735, 0.395) infinite;"
                />
                <span
                  style="position: absolute; height: 20px; overflow: hidden; background-color: rgb(117, 117, 226); background-clip: padding-box; display: block; border-radius: 2px; will-change: left, right; animation-fill-mode: forwards; animation: react-spinners-BarLoader-short 2.1s 1.15s cubic-bezier(0.165, 0.84, 0.44, 1) infinite;"
                />
              </span>
              Loading data...
            </div>
          </div>
        </div>
      </div>
    </div>
  </section>
</DocumentFragment>
`;
