// Jest Snapshot v1, https://goo.gl/fbAQLP

exports[`Render BasketProduct 1`] = `
<DocumentFragment>
  <div
    class="basket-item__img"
  >
    <picture>
      <source
        srcset="img/content/look-identify.webp, img/content/look-identify@2x.webp"
        type="image/webp"
      />
      <img
        alt="Фотоаппарат «Орлёнок»"
        height="120"
        src="img/content/look-identify.jpg"
        srcset="img/content/look-identify@2x.jpg"
        width="140"
      />
    </picture>
  </div>
  <div
    class="basket-item__description"
  >
    <p
      class="basket-item__title"
    >
      Look Identify
    </p>
    <ul
      class="basket-item__list"
    >
      <li
        class="basket-item__list-item"
      >
        <span
          class="basket-item__article"
        >
          Артикул:
        </span>
         
        <span
          class="basket-item__number"
        >
          LD2000
        </span>
      </li>
      <li
        class="basket-item__list-item"
      >
        Фотоаппарат
      </li>
      <li
        class="basket-item__list-item"
      >
        Любительский уровень
      </li>
    </ul>
  </div>
  <p
    class="basket-item__price"
  >
    <span
      class="visually-hidden"
    >
      Цена:
    </span>
    126 000 ₽
  </p>
  <div
    class="quantity"
  >
    <button
      aria-label="уменьшить количество товара"
      class="btn-icon btn-icon--prev"
      data-testid="button-decrease-test"
      disabled=""
    >
      <svg
        aria-hidden="true"
        height="12"
        width="7"
      >
        <use
          xlink:href="#icon-arrow"
        />
      </svg>
    </button>
    <label
      class="visually-hidden"
      for="counter1"
    />
    <input
      aria-label="количество товара"
      data-testid="count-input-test"
      id="counter1"
      max="99"
      min="1"
      type="number"
      value="1"
    />
    <button
      aria-label="увеличить количество товара"
      class="btn-icon btn-icon--next"
      data-testid="button-increase-test"
    >
      <svg
        aria-hidden="true"
        height="12"
        width="7"
      >
        <use
          xlink:href="#icon-arrow"
        />
      </svg>
    </button>
  </div>
  <div
    class="basket-item__total-price"
  >
    <span
      class="visually-hidden"
    >
      Общая цена:
    </span>
    126 000 ₽
  </div>
  <button
    aria-label="Удалить товар"
    class="cross-btn"
    data-testid="remove-item-button-test"
    type="button"
  >
    <svg
      aria-hidden="true"
      height="10"
      width="10"
    >
      <use
        xlink:href="#icon-close"
      />
    </svg>
  </button>
</DocumentFragment>
`;
