// Jest Snapshot v1, https://goo.gl/fbAQLP

exports[`Header renders correctly 1`] = `
<DocumentFragment>
  <header
    class="header"
    id="header"
  >
    <div
      class="container"
    >
      <a
        aria-label="Переход на главную"
        class="header__logo"
        href="index.html"
      >
        <svg
          aria-hidden="true"
          height="36"
          width="100"
        >
          <use
            xlink:href="#icon-logo"
          />
        </svg>
      </a>
      <nav
        class="main-nav header__main-nav"
      >
        <ul
          class="main-nav__list"
        >
          <li
            class="main-nav__item"
          >
            <a
              class="main-nav__link"
              href="/catalog"
            >
              Каталог
            </a>
          </li>
          <li
            class="main-nav__item"
          >
            <a
              class="main-nav__link"
              href="/"
            >
              Гарантии
            </a>
          </li>
          <li
            class="main-nav__item"
          >
            <a
              class="main-nav__link"
              href="/"
            >
              Доставка
            </a>
          </li>
          <li
            class="main-nav__item"
          >
            <a
              class="main-nav__link"
              href="/"
            >
              О компании
            </a>
          </li>
        </ul>
      </nav>
      <div
        class="form-search"
      >
        <div
          class="form-search "
          data-testid="search-form-test"
          id="search-form"
        >
          <form>
            <label>
              <svg
                aria-hidden="true"
                class="form-search__icon"
                height="16"
                width="16"
              >
                <use
                  xlink:href="#icon-lens"
                />
              </svg>
              <input
                autocomplete="off"
                class="form-search__input"
                data-testid="search-input-test"
                id="search"
                placeholder="Поиск по сайту"
                type="text"
                value=""
              />
            </label>
          </form>
          <button
            class="form-search__reset"
            data-testid="search-reset-test"
            id="reset"
            type="reset"
          >
            <svg
              aria-hidden="true"
              height="10"
              width="10"
            >
              <use
                xlink:href="#icon-close"
              />
            </svg>
            <span
              class="visually-hidden"
            >
              Сбросить поиск
            </span>
          </button>
        </div>
      </div>
      <a
        class="header__basket-link"
        href="/basket"
      >
        <svg
          aria-hidden="true"
          height="16"
          width="16"
        >
          <use
            xlink:href="#icon-basket"
          />
        </svg>
      </a>
    </div>
  </header>
</DocumentFragment>
`;
